# name: test_get_block_visits_return_correct_result[2017-1-SCI-005]
  <class 'list'> [
    BlockVisit(block_visit_id=15477, block_id=56305, block_name='Block for SN2017cbv', observed_time='3094', priority='0', max_lunar_phase='85.4', target_name='SN2017cbv', observation_night=datetime.date(2017, 5, 14), semester=Semester(semester=2, year=2042), status='Accepted', rejection_reason=None),
    BlockVisit(block_visit_id=15675, block_id=57617, block_name='Block for SN2017cbv - Blue', observed_time='2454', priority='0', max_lunar_phase='85.4', target_name='SN2017cbv', observation_night=datetime.date(2017, 5, 27), semester=Semester(semester=2, year=2042), status='Accepted', rejection_reason=None),
    BlockVisit(block_visit_id=15958, block_id=58546, block_name='Block for SN2017cbv - Blue2', observed_time='3254', priority='0', max_lunar_phase='85.4', target_name='SN2017cbv', observation_night=datetime.date(2017, 6, 20), semester=Semester(semester=2, year=2042), status='Accepted', rejection_reason=None),
    BlockVisit(block_visit_id=15989, block_id=58895, block_name='Block for SN2017bzc - Red', observed_time='2454', priority='0', max_lunar_phase='85.4', target_name='SN2017bzc', observation_night=datetime.date(2017, 6, 23), semester=Semester(semester=2, year=2042), status='Accepted', rejection_reason=None),
    BlockVisit(block_visit_id=16018, block_id=58896, block_name='Block for SN2017bzc - Blue', observed_time='2454', priority='0', max_lunar_phase='85.4', target_name='SN2017bzc', observation_night=datetime.date(2017, 6, 25), semester=Semester(semester=2, year=2042), status='Accepted', rejection_reason=None),
    BlockVisit(block_visit_id=16044, block_id=59117, block_name='Block for SN2017bzc - Blue2', observed_time='3082', priority='0', max_lunar_phase='85.4', target_name='SN2017bzc', observation_night=datetime.date(2017, 6, 29), semester=Semester(semester=2, year=2042), status='Accepted', rejection_reason=None),
    BlockVisit(block_visit_id=16454, block_id=60478, block_name='Block for SN2017cbv - Red3', observed_time='3054', priority='0', max_lunar_phase='85.4', target_name='SN2017cbv', observation_night=datetime.date(2017, 7, 24), semester=Semester(semester=2, year=2042), status='Accepted', rejection_reason=None),
    BlockVisit(block_visit_id=16459, block_id=60477, block_name='Block for SN2017bzc - Red3', observed_time='3054', priority='0', max_lunar_phase='85.4', target_name='SN2017bzc', observation_night=datetime.date(2017, 7, 24), semester=Semester(semester=2, year=2042), status='Accepted', rejection_reason=None),
    BlockVisit(block_visit_id=16471, block_id=60479, block_name='Block for SN2017cbv - Blue3', observed_time='3054', priority='0', max_lunar_phase='85.4', target_name='SN2017cbv', observation_night=datetime.date(2017, 7, 26), semester=Semester(semester=2, year=2042), status='Accepted', rejection_reason=None),
    BlockVisit(block_visit_id=16476, block_id=60476, block_name='Block for SN2017bzc - Blue3', observed_time='3054', priority='0', max_lunar_phase='85.4', target_name='SN2017bzc', observation_night=datetime.date(2017, 7, 26), semester=Semester(semester=2, year=2042), status='Accepted', rejection_reason=None),
    BlockVisit(block_visit_id=16846, block_id=62761, block_name='Block for SN2017bzc - Red4', observed_time='3254', priority='0', max_lunar_phase='85.4', target_name='SN2017bzc', observation_night=datetime.date(2017, 8, 25), semester=Semester(semester=2, year=2042), status='Accepted', rejection_reason=None),
    BlockVisit(block_visit_id=16850, block_id=62760, block_name='Block for SN2017bzc - Blue4', observed_time='3254', priority='0', max_lunar_phase='85.4', target_name='SN2017bzc', observation_night=datetime.date(2017, 8, 26), semester=Semester(semester=2, year=2042), status='Accepted', rejection_reason=None),
  ]
---
# name: test_get_block_visits_return_correct_result[2020-1-SCI-020]
  <class 'list'> [
    BlockVisit(block_visit_id=26046, block_id=82749, block_name='obsOHB3979', observed_time='1800', priority='1', max_lunar_phase='85.4', target_name='OHB3979', observation_night=datetime.date(2020, 5, 14), semester=Semester(semester=2, year=2042), status='Accepted', rejection_reason=None),
    BlockVisit(block_visit_id=26060, block_id=82748, block_name='obsOHB7950', observed_time='1800', priority='2', max_lunar_phase='85.4', target_name='OHB7950', observation_night=datetime.date(2020, 5, 14), semester=Semester(semester=2, year=2042), status='Accepted', rejection_reason=None),
    BlockVisit(block_visit_id=26216, block_id=82749, block_name='obsOHB3979', observed_time='1800', priority='1', max_lunar_phase='85.4', target_name='OHB3979', observation_night=datetime.date(2020, 5, 27), semester=Semester(semester=2, year=2042), status='Accepted', rejection_reason=None),
    BlockVisit(block_visit_id=26252, block_id=82748, block_name='obsOHB7950', observed_time='1800', priority='2', max_lunar_phase='85.4', target_name='OHB7950', observation_night=datetime.date(2020, 5, 30), semester=Semester(semester=2, year=2042), status='Rejected', rejection_reason='Telescope technical problems'),
    BlockVisit(block_visit_id=26261, block_id=82748, block_name='obsOHB7950', observed_time='1800', priority='2', max_lunar_phase='85.4', target_name='OHB7950', observation_night=datetime.date(2020, 5, 31), semester=Semester(semester=2, year=2042), status='Accepted', rejection_reason=None),
    BlockVisit(block_visit_id=26446, block_id=82749, block_name='obsOHB3979', observed_time='1800', priority='1', max_lunar_phase='85.4', target_name='OHB3979', observation_night=datetime.date(2020, 6, 9), semester=Semester(semester=2, year=2042), status='Accepted', rejection_reason=None),
    BlockVisit(block_visit_id=26476, block_id=82748, block_name='obsOHB7950', observed_time='1800', priority='2', max_lunar_phase='85.4', target_name='OHB7950', observation_night=datetime.date(2020, 6, 14), semester=Semester(semester=2, year=2042), status='Rejected', rejection_reason='Telescope technical problems'),
    BlockVisit(block_visit_id=26488, block_id=82748, block_name='obsOHB7950', observed_time='1800', priority='2', max_lunar_phase='85.4', target_name='OHB7950', observation_night=datetime.date(2020, 6, 15), semester=Semester(semester=2, year=2042), status='Accepted', rejection_reason=None),
    BlockVisit(block_visit_id=26603, block_id=82749, block_name='obsOHB3979', observed_time='1800', priority='1', max_lunar_phase='85.4', target_name='OHB3979', observation_night=datetime.date(2020, 6, 23), semester=Semester(semester=2, year=2042), status='Accepted', rejection_reason=None),
    BlockVisit(block_visit_id=26634, block_id=82748, block_name='obsOHB7950', observed_time='1800', priority='2', max_lunar_phase='85.4', target_name='OHB7950', observation_night=datetime.date(2020, 6, 25), semester=Semester(semester=2, year=2042), status='Accepted', rejection_reason=None),
    BlockVisit(block_visit_id=26776, block_id=82749, block_name='obsOHB3979', observed_time='1800', priority='1', max_lunar_phase='85.4', target_name='OHB3979', observation_night=datetime.date(2020, 7, 8), semester=Semester(semester=2, year=2042), status='Accepted', rejection_reason=None),
    BlockVisit(block_visit_id=26790, block_id=82748, block_name='obsOHB7950', observed_time='1800', priority='2', max_lunar_phase='85.4', target_name='OHB7950', observation_night=datetime.date(2020, 7, 15), semester=Semester(semester=2, year=2042), status='Accepted', rejection_reason=None),
    BlockVisit(block_visit_id=26894, block_id=82749, block_name='obsOHB3979', observed_time='1800', priority='1', max_lunar_phase='85.4', target_name='OHB3979', observation_night=datetime.date(2020, 7, 22), semester=Semester(semester=2, year=2042), status='Accepted', rejection_reason=None),
    BlockVisit(block_visit_id=26963, block_id=82748, block_name='obsOHB7950', observed_time='1800', priority='2', max_lunar_phase='85.4', target_name='OHB7950', observation_night=datetime.date(2020, 7, 27), semester=Semester(semester=2, year=2042), status='Accepted', rejection_reason=None),
    BlockVisit(block_visit_id=27130, block_id=82749, block_name='obsOHB3979', observed_time='1800', priority='1', max_lunar_phase='85.4', target_name='OHB3979', observation_night=datetime.date(2020, 8, 7), semester=Semester(semester=2, year=2042), status='Accepted', rejection_reason=None),
    BlockVisit(block_visit_id=27200, block_id=82748, block_name='obsOHB7950', observed_time='1800', priority='2', max_lunar_phase='85.4', target_name='OHB7950', observation_night=datetime.date(2020, 8, 16), semester=Semester(semester=2, year=2042), status='Accepted', rejection_reason=None),
    BlockVisit(block_visit_id=27224, block_id=82749, block_name='obsOHB3979', observed_time='1800', priority='1', max_lunar_phase='85.4', target_name='OHB3979', observation_night=datetime.date(2020, 8, 19), semester=Semester(semester=2, year=2042), status='Accepted', rejection_reason=None),
    BlockVisit(block_visit_id=27376, block_id=82748, block_name='obsOHB7950', observed_time='1800', priority='2', max_lunar_phase='85.4', target_name='OHB7950', observation_night=datetime.date(2020, 9, 8), semester=Semester(semester=2, year=2042), status='Accepted', rejection_reason=None),
  ]
---
